// Jest Snapshot v1, https://goo.gl/fbAQLP

exports[`<FormWrapper/> renders properly 1`] = `
<form
  class="sc-bdfBwQ dOKyap"
/>
`;
