// Jest Snapshot v1, https://goo.gl/fbAQLP

exports[`<Modal/> renders properly 1`] = `
<div
  id="root"
>
  <div>
    <div />
  </div>
</div>
`;
