// Jest Snapshot v1, https://goo.gl/fbAQLP

exports[`<FilterOption/> renders properly 1`] = `
<div
  id="root"
>
  <label
    class="sc-hKgILt meBvN"
    cursor="pointer"
    display="flex"
    for="radio-0"
  >
    <input
      class="sc-fubCfw ktfAJq"
      id="radio-0"
      name="order_by"
      type="radio"
      value="relevant"
    />
    <div
      class="sc-iBPRYJ foHfmu"
      data-testid="filterIconChecked"
    >
      <div>
        <div>
          <div
            data-src="tick.svg"
            src=""
          />
        </div>
      </div>
    </div>
    <div
      class="sc-gKsewC iOtxnD"
      color="black"
      font-size="1"
    >
      Relevant
    </div>
  </label>
  <label
    class="sc-hKgILt meBvN"
    cursor="pointer"
    display="flex"
    for="radio-1"
  >
    <input
      class="sc-fubCfw ktfAJq"
      id="radio-1"
      name="order_by"
      type="radio"
      value="latest"
    />
    <div
      class="sc-gKsewC lpsDW"
      color="#767676"
      font-size="1"
    >
      Latest
    </div>
  </label>
</div>
`;
